2019-01-12 21:00:19.543:  D
2019-01-12 21:00:19.568:   ets Jan  8 2013,rst cause:2, boot mode:(3,6)
2019-01-12 21:00:19.568:  
2019-01-12 21:00:19.578:  load 0x40100000, len 7188, room 16 
2019-01-12 21:00:19.601:  tail 4
2019-01-12 21:00:19.601:  chksum 0xee
2019-01-12 21:00:19.602:  load 0x3ffe8408, len 24, room 4 
2019-01-12 21:00:19.602:  tail 4
2019-01-12 21:00:19.602:  chksum 0x67
2019-01-12 21:00:19.602:  load 0x3ffe8420, len 3548, room 4 
2019-01-12 21:00:19.640:  tail 8
2019-01-12 21:00:19.640:  chksum 0x6a
2019-01-12 21:00:19.641:  csum 0x6a[0;32mI (48) boot: ESP-IDF v3.1-dev-474-g02e405c 2nd stage bootloader[0m
2019-01-12 21:00:19.643:  [0;32mI (48) boot: compile time 13:21:46[0m
2019-01-12 21:00:19.643:  [0;32mI (48) qio_mode: Enabling default flash chip QIO[0m
2019-01-12 21:00:19.644:  [0;32mI (56) boot: SPI Speed      : 40MHz[0m
2019-01-12 21:00:19.674:  [0;32mI (63) boot: SPI Mode       : QIO[0m
2019-01-12 21:00:19.675:  [0;32mI (69) boot: SPI Flash Size : 2MB[0m
2019-01-12 21:00:19.676:  [0;32mI (75) boot: Partition Table:[0m
2019-01-12 21:00:19.676:  [0;32mI (80) boot: ## Label            Usage          Type ST Offset   Length[0m
2019-01-12 21:00:19.677:  [0;32mI (92) boot:  0 nvs              WiFi data        01 02 00009000 00006000[0m
2019-01-12 21:00:19.709:  [0;32mI (103) boot:  1 phy_init         RF data          01 01 0000f000 00001000[0m
2019-01-12 21:00:19.711:  [0;32mI (115) boot:  2 factory          factory app      00 00 00010000 000f0000[0m
2019-01-12 21:00:19.713:  [0;32mI (126) boot: End of partition table[0m
2019-01-12 21:00:19.725:  [0;32mI (133) esp_image: segment 0: paddr=0x00010010 vaddr=0x40210010 size=0x3e298 (254616) map[0m
2019-01-12 21:00:19.849:  [0;32mI (252) esp_image: segment 1: paddr=0x0004e2b0 vaddr=0x3ffe8000 size=0x0053c (  1340) load[0m
2019-01-12 21:00:19.851:  [0;32mI (253) esp_image: segment 2: paddr=0x0004e7f4 vaddr=0x3ffe853c size=0x0011c (   284) load[0m
2019-01-12 21:00:19.852:  [0;32mI (264) esp_image: segment 3: paddr=0x0004e918 vaddr=0x40100000 size=0x06214 ( 25108) load[0m
2019-01-12 21:00:19.876:  [0;32mI (287) boot: Loaded app from partition at offset 0x10000[0m
2019-01-12 21:00:19.921:  [0;32mI (330) system_api: Base MAC address is not set, read default base MAC address from BLK0 of EFUSE[0m
2019-01-12 21:00:19.941:  [0;32mI (340) system_api: Base MAC address is not set, read default base MAC address from BLK0 of EFUSE[0m
2019-01-12 21:00:20.176:  [0;32mI (560) reset_reason: RTC reset 2 wakeup 0 store 0, reason is 2[0m
2019-01-12 21:00:20.177:  SDK version:v3.1-dev-474-g02e405c
2019-01-12 21:00:20.177:  HAS version 0.0 
2019-01-12 21:00:20.178:  [0;32mI (570) nodecode: NVS initialized[0m
2019-01-12 21:00:20.179:  [0;32mI (570) nodecode: ESP_WIFI_MODE_STA[0m
2019-01-12 21:00:20.182:  mode : sta(18:fe:34:a3:46:da)
2019-01-12 21:00:20.182:  add if0
2019-01-12 21:00:20.190:  [0;32mI (600) nodecode: wifi_init_sta finished.[0m
2019-01-12 21:00:20.209:  [0;32mI (610) nodecode: connect to ap SSID:JF-Guest password:6789012345[0m
2019-01-12 21:00:20.211:  [0;32mI (610) nodecode: wifi initialized[0m
2019-01-12 21:00:20.328:  scandone
2019-01-12 21:00:20.328:  state: 0 -> 2 (b0)
2019-01-12 21:00:20.329:  state: 2 -> 3 (0)
2019-01-12 21:00:20.349:  state: 3 -> 5 (10)
2019-01-12 21:00:20.350:  add 0
2019-01-12 21:00:20.351:  aid 5
2019-01-12 21:00:20.351:  pm open phy_2,type:2 0 0
2019-01-12 21:00:20.352:  cnt 
2019-01-12 21:00:20.849:  
2019-01-12 21:00:20.854:  connected with JF-Guest, channel 1
2019-01-12 21:01:37.884:  [0;32mI (78280) event: sta ip: 192.168.2.12, mask: 255.255.255.0, gw: 192.168.2.1[0m
2019-01-12 21:01:37.885:  [0;32mI (78290) nodecode: got ip:192.168.2.12[0m
