2019-01-12 21:19:18.676:  nnbrH
2019-01-12 21:19:18.702:   ets Jan  8 2013,rst cause:2, boot mode:(3,6)
2019-01-12 21:19:18.702:  
2019-01-12 21:19:18.711:  load 0x40100000, len 7188, room 16 
2019-01-12 21:19:18.735:  tail 4
2019-01-12 21:19:18.735:  chksum 0xee
2019-01-12 21:19:18.735:  load 0x3ffe8408, len 24, room 4 
2019-01-12 21:19:18.735:  tail 4
2019-01-12 21:19:18.735:  chksum 0x67
2019-01-12 21:19:18.736:  load 0x3ffe8420, len 3548, room 4 
2019-01-12 21:19:18.773:  tail 8
2019-01-12 21:19:18.774:  chksum 0x6a
2019-01-12 21:19:18.774:  csum 0x6a[0;32mI (48) boot: ESP-IDF v3.1-dev-474-g02e405c 2nd stage bootloader[0m
2019-01-12 21:19:18.776:  [0;32mI (48) boot: compile time 13:21:46[0m
2019-01-12 21:19:18.777:  [0;32mI (48) qio_mode: Enabling default flash chip QIO[0m
2019-01-12 21:19:18.778:  [0;32mI (56) boot: SPI Speed      : 40MHz[0m
2019-01-12 21:19:18.808:  [0;32mI (63) boot: SPI Mode       : QIO[0m
2019-01-12 21:19:18.808:  [0;32mI (69) boot: SPI Flash Size : 2MB[0m
2019-01-12 21:19:18.809:  [0;32mI (75) boot: Partition Table:[0m
2019-01-12 21:19:18.810:  [0;32mI (80) boot: ## Label            Usage          Type ST Offset   Length[0m
2019-01-12 21:19:18.811:  [0;32mI (92) boot:  0 nvs              WiFi data        01 02 00009000 00006000[0m
2019-01-12 21:19:18.842:  [0;32mI (103) boot:  1 phy_init         RF data          01 01 0000f000 00001000[0m
2019-01-12 21:19:18.844:  [0;32mI (115) boot:  2 factory          factory app      00 00 00010000 000f0000[0m
2019-01-12 21:19:18.845:  [0;32mI (126) boot: End of partition table[0m
2019-01-12 21:19:18.858:  [0;32mI (133) esp_image: segment 0: paddr=0x00010010 vaddr=0x40210010 size=0x3e308 (254728) map[0m
2019-01-12 21:19:18.983:  [0;32mI (252) esp_image: segment 1: paddr=0x0004e320 vaddr=0x3ffe8000 size=0x0053c (  1340) load[0m
2019-01-12 21:19:18.985:  [0;32mI (253) esp_image: segment 2: paddr=0x0004e864 vaddr=0x3ffe853c size=0x0011c (   284) load[0m
2019-01-12 21:19:18.986:  [0;32mI (264) esp_image: segment 3: paddr=0x0004e988 vaddr=0x40100000 size=0x06214 ( 25108) load[0m
2019-01-12 21:19:19.012:  [0;32mI (287) boot: Loaded app from partition at offset 0x10000[0m
2019-01-12 21:19:19.054:  [0;32mI (331) system_api: Base MAC address is not set, read default base MAC address from BLK0 of EFUSE[0m
2019-01-12 21:19:19.072:  [0;32mI (341) system_api: Base MAC address is not set, read default base MAC address from BLK0 of EFUSE[0m
2019-01-12 21:19:19.306:  [0;32mI (561) reset_reason: RTC reset 2 wakeup 0 store 0, reason is 2[0m
2019-01-12 21:19:19.308:  SDK version:v3.1-dev-474-g02e405c
2019-01-12 21:19:19.309:  HAS version 0.0 
2019-01-12 21:19:19.309:  [0;32mI (571) nodecode: NVS initialized[0m
2019-01-12 21:19:19.310:  [0;32mI (571) nodecode: ESP_WIFI_MODE_STA[0m
2019-01-12 21:19:19.313:  mode : sta(18:fe:34:a3:46:da)
2019-01-12 21:19:19.313:  add if0
2019-01-12 21:19:19.321:  [0;32mI (601) nodecode: wifi_init_sta finished.[0m
2019-01-12 21:19:19.339:  [0;32mI (601) nodecode: connect to ap SSID:JF-Guest password:6789012345[0m
2019-01-12 21:19:19.340:  [0;32mI (611) nodecode: wifi initialized[0m
2019-01-12 21:19:19.454:  scandone
2019-01-12 21:19:19.454:  state: 0 -> 2 (b0)
2019-01-12 21:19:19.461:  state: 2 -> 3 (0)
2019-01-12 21:19:19.478:  state: 3 -> 5 (10)
2019-01-12 21:19:19.479:  add 0
2019-01-12 21:19:19.479:  aid 5
2019-01-12 21:19:19.480:  pm open phy_2,type:2 0 0
2019-01-12 21:19:19.480:  cnt 
2019-01-12 21:19:19.956:  
2019-01-12 21:19:19.961:  connected with JF-Guest, channel 1
2019-01-12 21:19:40.986:  [0;32mI (22251) event: sta ip: 192.168.2.12, mask: 255.255.255.0, gw: 192.168.2.1[0m
2019-01-12 21:19:40.988:  [0;32mI (22261) nodecode: got ip:192.168.2.12[0m
