2019-01-13 11:22:35.888:  
2019-01-13 11:22:35.888:   ets Jan  8 2013,rst cause:2, boot mode:(3,6)
2019-01-13 11:22:35.889:  
2019-01-13 11:22:35.898:  load 0x40100000, len 7188, room 16 
2019-01-13 11:22:35.921:  tail 4
2019-01-13 11:22:35.922:  chksum 0xee
2019-01-13 11:22:35.922:  load 0x3ffe8408, len 24, room 4 
2019-01-13 11:22:35.922:  tail 4
2019-01-13 11:22:35.923:  chksum 0x67
2019-01-13 11:22:35.923:  load 0x3ffe8420, len 3548, room 4 
2019-01-13 11:22:35.959:  tail 8
2019-01-13 11:22:35.960:  chksum 0x6a
2019-01-13 11:22:35.960:  csum 0x6a[0;32mI (48) boot: ESP-IDF v3.1-dev-474-g02e405c 2nd stage bootloader[0m
2019-01-13 11:22:35.962:  [0;32mI (48) boot: compile time 13:21:46[0m
2019-01-13 11:22:35.962:  [0;32mI (48) qio_mode: Enabling default flash chip QIO[0m
2019-01-13 11:22:35.963:  [0;32mI (56) boot: SPI Speed      : 40MHz[0m
2019-01-13 11:22:35.994:  [0;32mI (63) boot: SPI Mode       : QIO[0m
2019-01-13 11:22:35.995:  [0;32mI (69) boot: SPI Flash Size : 2MB[0m
2019-01-13 11:22:35.995:  [0;32mI (75) boot: Partition Table:[0m
2019-01-13 11:22:35.996:  [0;32mI (80) boot: ## Label            Usage          Type ST Offset   Length[0m
2019-01-13 11:22:35.997:  [0;32mI (92) boot:  0 nvs              WiFi data        01 02 00009000 00006000[0m
2019-01-13 11:22:36.028:  [0;32mI (103) boot:  1 phy_init         RF data          01 01 0000f000 00001000[0m
2019-01-13 11:22:36.030:  [0;32mI (115) boot:  2 factory          factory app      00 00 00010000 000f0000[0m
2019-01-13 11:22:36.031:  [0;32mI (126) boot: End of partition table[0m
2019-01-13 11:22:36.044:  [0;32mI (133) esp_image: segment 0: paddr=0x00010010 vaddr=0x40210010 size=0x3e308 (254728) map[0m
2019-01-13 11:22:36.169:  [0;32mI (252) esp_image: segment 1: paddr=0x0004e320 vaddr=0x3ffe8000 size=0x0053c (  1340) load[0m
2019-01-13 11:22:36.170:  [0;32mI (253) esp_image: segment 2: paddr=0x0004e864 vaddr=0x3ffe853c size=0x0011c (   284) load[0m
2019-01-13 11:22:36.172:  [0;32mI (264) esp_image: segment 3: paddr=0x0004e988 vaddr=0x40100000 size=0x06214 ( 25108) load[0m
2019-01-13 11:22:36.196:  [0;32mI (287) boot: Loaded app from partition at offset 0x10000[0m
2019-01-13 11:22:36.240:  [0;32mI (331) system_api: Base MAC address is not set, read default base MAC address from BLK0 of EFUSE[0m
2019-01-13 11:22:36.258:  [0;32mI (341) system_api: Base MAC address is not set, read default base MAC address from BLK0 of EFUSE[0m
2019-01-13 11:22:36.491:  [0;32mI (561) reset_reason: RTC reset 2 wakeup 0 store 0, reason is 2[0m
2019-01-13 11:22:36.492:  SDK version:v3.1-dev-474-g02e405c
2019-01-13 11:22:36.493:  HAS version 0.0 
2019-01-13 11:22:36.493:  [0;32mI (561) nodecode: NVS initialized[0m
2019-01-13 11:22:36.494:  [0;32mI (571) nodecode: ESP_WIFI_MODE_STA[0m
2019-01-13 11:22:36.498:  mode : sta(18:fe:34:a3:46:da)
2019-01-13 11:22:36.498:  add if0
2019-01-13 11:22:36.506:  [0;32mI (601) nodecode: wifi_init_sta finished.[0m
2019-01-13 11:22:36.524:  [0;32mI (601) nodecode: connect to ap SSID:JF-Guest password:6789012345[0m
2019-01-13 11:22:36.525:  [0;32mI (611) nodecode: wifi initialized[0m
2019-01-13 11:22:36.639:  scandone
2019-01-13 11:22:36.639:  state: 0 -> 2 (b0)
2019-01-13 11:22:36.642:  state: 2 -> 3 (0)
2019-01-13 11:22:36.663:  state: 3 -> 5 (10)
2019-01-13 11:22:36.663:  add 0
2019-01-13 11:22:36.663:  aid 5
2019-01-13 11:22:36.663:  pm open phy_2,type:2 0 0
2019-01-13 11:22:36.664:  cnt 
2019-01-13 11:22:36.964:  
2019-01-13 11:22:36.970:  connected with JF-Guest, channel 1
