2019-01-12 13:23:30.878:  n$
2019-01-12 13:23:30.904:   ets Jan  8 2013,rst cause:2, boot mode:(3,6)
2019-01-12 13:23:30.904:  
2019-01-12 13:23:30.913:  load 0x40100000, len 7188, room 16 
2019-01-12 13:23:30.937:  tail 4
2019-01-12 13:23:30.937:  chksum 0xee
2019-01-12 13:23:30.937:  load 0x3ffe8408, len 24, room 4 
2019-01-12 13:23:30.937:  tail 4
2019-01-12 13:23:30.937:  chksum 0x67
2019-01-12 13:23:30.938:  load 0x3ffe8420, len 3548, room 4 
2019-01-12 13:23:30.975:  tail 8
2019-01-12 13:23:30.975:  chksum 0x6a
2019-01-12 13:23:30.975:  csum 0x6a[0;32mI (48) boot: ESP-IDF v3.1-dev-474-g02e405c 2nd stage bootloader[0m
2019-01-12 13:23:30.975:  [0;32mI (48) boot: compile time 13:21:46[0m
2019-01-12 13:23:30.976:  [0;32mI (48) qio_mode: Enabling default flash chip QIO[0m
2019-01-12 13:23:30.976:  [0;32mI (56) boot: SPI Speed      : 40MHz[0m
2019-01-12 13:23:31.009:  [0;32mI (63) boot: SPI Mode       : QIO[0m
2019-01-12 13:23:31.009:  [0;32mI (69) boot: SPI Flash Size : 2MB[0m
2019-01-12 13:23:31.009:  [0;32mI (75) boot: Partition Table:[0m
2019-01-12 13:23:31.010:  [0;32mI (80) boot: ## Label            Usage          Type ST Offset   Length[0m
2019-01-12 13:23:31.010:  [0;32mI (92) boot:  0 nvs              WiFi data        01 02 00009000 00006000[0m
2019-01-12 13:23:31.043:  [0;32mI (103) boot:  1 phy_init         RF data          01 01 0000f000 00001000[0m
2019-01-12 13:23:31.043:  [0;32mI (115) boot:  2 factory          factory app      00 00 00010000 000f0000[0m
2019-01-12 13:23:31.044:  [0;32mI (126) boot: End of partition table[0m
2019-01-12 13:23:31.060:  [0;32mI (133) esp_image: segment 0: paddr=0x00010010 vaddr=0x40210010 size=0x2ffb0 (196528) map[0m
2019-01-12 13:23:31.160:  [0;32mI (228) esp_image: segment 1: paddr=0x0003ffc8 vaddr=0x3ffe8000 size=0x0053c (  1340) load[0m
2019-01-12 13:23:31.162:  [0;32mI (229) esp_image: segment 2: paddr=0x0004050c vaddr=0x3ffe853c size=0x0011c (   284) load[0m
2019-01-12 13:23:31.163:  [0;32mI (239) esp_image: segment 3: paddr=0x00040630 vaddr=0x40100000 size=0x05914 ( 22804) load[0m
2019-01-12 13:23:31.197:  [0;32mI (262) boot: Loaded app from partition at offset 0x10000[0m
2019-01-12 13:23:31.231:  [0;32mI (302) system_api: Base MAC address is not set, read default base MAC address from BLK0 of EFUSE[0m
2019-01-12 13:23:31.232:  [0;32mI (302) system_api: Base MAC address is not set, read default base MAC address from BLK0 of EFUSE[0m
2019-01-12 13:23:31.454:  [0;32mI (522) reset_reason: RTC reset 2 wakeup 0 store 0, reason is 2[0m
2019-01-12 13:23:31.456:  SDK version:v3.1-dev-474-g02e405c
2019-01-12 13:23:31.456:  HAS version 0.0 
2019-01-12 13:23:31.457:  starting to configure wifi
